// Jest Snapshot v1, https://goo.gl/fbAQLP

exports[`TouchableRipple should render the component 1`] = `
<View
  accessibilityComponentType={undefined}
  accessibilityLabel={undefined}
  accessibilityTraits={undefined}
  accessible={true}
  hitSlop={undefined}
  nativeID={undefined}
  onLayout={undefined}
  onResponderGrant={[Function]}
  onResponderMove={[Function]}
  onResponderRelease={[Function]}
  onResponderTerminate={[Function]}
  onResponderTerminationRequest={[Function]}
  onStartShouldSetResponder={[Function]}
  style={Object {}}
  testID={undefined}
>
  <View
    style={
      Array [
        Object {},
      ]
    }
  >
    <Text
      accessible={true}
      allowFontScaling={true}
      disabled={false}
      ellipsizeMode="tail"
    >
      test
    </Text>
  </View>
  <View
    style={
      Array [
        undefined,
      ]
    }
  >
    <View
      collapsable={undefined}
      style={
        Object {
          "backgroundColor": "#303030",
          "borderRadius": 70,
          "height": 70,
          "opacity": 0,
          "transform": Array [
            Object {
              "scale": 0,
            },
          ],
          "width": 70,
        }
      }
    />
  </View>
</View>
`;
