// Jest Snapshot v1, https://goo.gl/fbAQLP

exports[`WifiPwd should render the component 1`] = `
<View
  style={undefined}
>
  <View
    style={undefined}
  >
    <View
      style={undefined}
    >
      <Text
        accessible={true}
        allowFontScaling={true}
        disabled={false}
        ellipsizeMode="tail"
        style={undefined}
      >
        
      </Text>
    </View>
    <View
      style={
        Array [
          undefined,
          Object {},
        ]
      }
    >
      <TextInput
        autoCapitalize="words"
        autoCorrect={false}
        autoFocus={false}
        keyboardType="default"
        maxLength={100}
        onChangeText={[Function]}
        onSubmitEditing={[Function]}
        placeholder="Password"
        placeholderTextColor="#FFDF2D"
        returnKeyType="send"
        secureTextEntry={true}
        style={
          Array [
            undefined,
            Object {},
            Object {
              "color": "#FFDF2D",
            },
          ]
        }
        underlineColorAndroid="transparent"
        value=""
      />
    </View>
  </View>
  <View
    collapsable={undefined}
    style={Object {}}
  >
    <View
      accessibilityComponentType={undefined}
      accessibilityLabel={undefined}
      accessibilityTraits={undefined}
      accessible={true}
      collapsable={undefined}
      hitSlop={undefined}
      isTVSelectable={true}
      nativeID={undefined}
      onLayout={undefined}
      onResponderGrant={[Function]}
      onResponderMove={[Function]}
      onResponderRelease={[Function]}
      onResponderTerminate={[Function]}
      onResponderTerminationRequest={[Function]}
      onStartShouldSetResponder={[Function]}
      style={
        Object {
          "opacity": 1,
        }
      }
      testID={undefined}
      tvParallaxProperties={undefined}
    >
      <Text
        accessible={true}
        allowFontScaling={true}
        disabled={false}
        ellipsizeMode="tail"
        style={undefined}
      >
        
      </Text>
    </View>
    <View
      accessibilityComponentType={undefined}
      accessibilityLabel={undefined}
      accessibilityTraits={undefined}
      accessible={true}
      collapsable={undefined}
      hitSlop={undefined}
      isTVSelectable={true}
      nativeID={undefined}
      onLayout={undefined}
      onResponderGrant={[Function]}
      onResponderMove={[Function]}
      onResponderRelease={[Function]}
      onResponderTerminate={[Function]}
      onResponderTerminationRequest={[Function]}
      onStartShouldSetResponder={[Function]}
      style={
        Object {
          "opacity": 1,
        }
      }
      testID={undefined}
      tvParallaxProperties={undefined}
    >
      <Text
        accessible={true}
        allowFontScaling={true}
        disabled={false}
        ellipsizeMode="tail"
        style={undefined}
      >
        
      </Text>
    </View>
  </View>
</View>
`;
